
==============================================================================
Feature extraction
==============================================================================

Processed file [1/133]
  Name:            frame_000006.png
  Dimensions:      640 x 480
  Camera:          #1 - SIMPLE_RADIAL
  Focal Length:    768.00px
  Features:        2253
Processed file [2/133]
  Name:            frame_000002.png
  Dimensions:      640 x 480
  Camera:          #1 - SIMPLE_RADIAL
  Focal Length:    768.00px
  Features:        2462
Processed file [3/133]
  Name:            frame_000005.png
  Dimensions:      640 x 480
  Camera:          #1 - SIMPLE_RADIAL
  Focal Length:    768.00px
  Features:        2756
Processed file [4/133]
  Name:            frame_000008.png
  Dimensions:      640 x 480
  Camera:          #1 - SIMPLE_RADIAL
  Focal Length:    768.00px
  Features:        2553
Processed file [5/133]
  Name:            frame_000004.png
  Dimensions:      640 x 480
  Camera:          #1 - SIMPLE_RADIAL
  Focal Length:    768.00px
  Features:        2820
Processed file [6/133]
  Name:            frame_000001.png
  Dimensions:      640 x 480
  Camera:          #1 - SIMPLE_RADIAL
  Focal Length:    768.00px
  Features:        2609
Processed file [7/133]
  Name:            frame_000003.png
  Dimensions:      640 x 480
  Camera:          #1 - SIMPLE_RADIAL
  Focal Length:    768.00px
  Features:        3078
Processed file [8/133]
  Name:            frame_000007.png
  Dimensions:      640 x 480
  Camera:          #1 - SIMPLE_RADIAL
  Focal Length:    768.00px
  Features:        3221
Processed file [9/133]
  Name:            frame_000010.png
  Dimensions:      640 x 480
  Camera:          #1 - SIMPLE_RADIAL
  Focal Length:    768.00px
  Features:        2403
Processed file [10/133]
  Name:            frame_000009.png
  Dimensions:      640 x 480
  Camera:          #1 - SIMPLE_RADIAL
  Focal Length:    768.00px
  Features:        2534
Processed file [11/133]
  Name:            frame_000013.png
  Dimensions:      640 x 480
  Camera:          #1 - SIMPLE_RADIAL
  Focal Length:    768.00px
  Features:        1747
Processed file [12/133]
  Name:            frame_000014.png
  Dimensions:      640 x 480
  Camera:          #1 - SIMPLE_RADIAL
  Focal Length:    768.00px
  Features:        1728
Processed file [13/133]
  Name:            frame_000011.png
  Dimensions:      640 x 480
  Camera:          #1 - SIMPLE_RADIAL
  Focal Length:    768.00px
  Features:        2628
Processed file [14/133]
  Name:            frame_000015.png
  Dimensions:      640 x 480
  Camera:          #1 - SIMPLE_RADIAL
  Focal Length:    768.00px
  Features:        2379
Processed file [15/133]
  Name:            frame_000016.png
  Dimensions:      640 x 480
  Camera:          #1 - SIMPLE_RADIAL
  Focal Length:    768.00px
  Features:        2059
Processed file [16/133]
  Name:            frame_000012.png
  Dimensions:      640 x 480
  Camera:          #1 - SIMPLE_RADIAL
  Focal Length:    768.00px
  Features:        3141
Processed file [17/133]
  Name:            frame_000019.png
  Dimensions:      640 x 480
  Camera:          #1 - SIMPLE_RADIAL
  Focal Length:    768.00px
  Features:        2630
Processed file [18/133]
  Name:            frame_000017.png
  Dimensions:      640 x 480
  Camera:          #1 - SIMPLE_RADIAL
  Focal Length:    768.00px
  Features:        2742
Processed file [19/133]
  Name:            frame_000020.png
  Dimensions:      640 x 480
  Camera:          #1 - SIMPLE_RADIAL
  Focal Length:    768.00px
  Features:        2629
Processed file [20/133]
  Name:            frame_000018.png
  Dimensions:      640 x 480
  Camera:          #1 - SIMPLE_RADIAL
  Focal Length:    768.00px
  Features:        3083
Processed file [21/133]
  Name:            frame_000021.png
  Dimensions:      640 x 480
  Camera:          #1 - SIMPLE_RADIAL
  Focal Length:    768.00px
  Features:        3079
Processed file [22/133]
  Name:            frame_000022.png
  Dimensions:      640 x 480
  Camera:          #1 - SIMPLE_RADIAL
  Focal Length:    768.00px
  Features:        3244
Processed file [23/133]
  Name:            frame_000024.png
  Dimensions:      640 x 480
  Camera:          #1 - SIMPLE_RADIAL
  Focal Length:    768.00px
  Features:        2583
Processed file [24/133]
  Name:            frame_000023.png
  Dimensions:      640 x 480
  Camera:          #1 - SIMPLE_RADIAL
  Focal Length:    768.00px
  Features:        3010
Processed file [25/133]
  Name:            frame_000027.png
  Dimensions:      640 x 480
  Camera:          #1 - SIMPLE_RADIAL
  Focal Length:    768.00px
  Features:        2562
Processed file [26/133]
  Name:            frame_000026.png
  Dimensions:      640 x 480
  Camera:          #1 - SIMPLE_RADIAL
  Focal Length:    768.00px
  Features:        2549
Processed file [27/133]
  Name:            frame_000025.png
  Dimensions:      640 x 480
  Camera:          #1 - SIMPLE_RADIAL
  Focal Length:    768.00px
  Features:        2862
Processed file [28/133]
  Name:            frame_000030.png
  Dimensions:      640 x 480
  Camera:          #1 - SIMPLE_RADIAL
  Focal Length:    768.00px
  Features:        1986
Processed file [29/133]
  Name:            frame_000031.png
  Dimensions:      640 x 480
  Camera:          #1 - SIMPLE_RADIAL
  Focal Length:    768.00px
  Features:        2095
Processed file [30/133]
  Name:            frame_000032.png
  Dimensions:      640 x 480
  Camera:          #1 - SIMPLE_RADIAL
  Focal Length:    768.00px
  Features:        2209
Processed file [31/133]
  Name:            frame_000028.png
  Dimensions:      640 x 480
  Camera:          #1 - SIMPLE_RADIAL
  Focal Length:    768.00px
  Features:        3147
Processed file [32/133]
  Name:            frame_000029.png
  Dimensions:      640 x 480
  Camera:          #1 - SIMPLE_RADIAL
  Focal Length:    768.00px
  Features:        3248
Processed file [33/133]
  Name:            frame_000033.png
  Dimensions:      640 x 480
  Camera:          #1 - SIMPLE_RADIAL
  Focal Length:    768.00px
  Features:        1871
Processed file [34/133]
  Name:            frame_000036.png
  Dimensions:      640 x 480
  Camera:          #1 - SIMPLE_RADIAL
  Focal Length:    768.00px
  Features:        1609
Processed file [35/133]
  Name:            frame_000034.png
  Dimensions:      640 x 480
  Camera:          #1 - SIMPLE_RADIAL
  Focal Length:    768.00px
  Features:        2297
Processed file [36/133]
  Name:            frame_000037.png
  Dimensions:      640 x 480
  Camera:          #1 - SIMPLE_RADIAL
  Focal Length:    768.00px
  Features:        1915
Processed file [37/133]
  Name:            frame_000035.png
  Dimensions:      640 x 480
  Camera:          #1 - SIMPLE_RADIAL
  Focal Length:    768.00px
  Features:        2340
Processed file [38/133]
  Name:            frame_000039.png
  Dimensions:      640 x 480
  Camera:          #1 - SIMPLE_RADIAL
  Focal Length:    768.00px
  Features:        2254
Processed file [39/133]
  Name:            frame_000040.png
  Dimensions:      640 x 480
  Camera:          #1 - SIMPLE_RADIAL
  Focal Length:    768.00px
  Features:        2348
Processed file [40/133]
  Name:            frame_000038.png
  Dimensions:      640 x 480
  Camera:          #1 - SIMPLE_RADIAL
  Focal Length:    768.00px
  Features:        2574
Processed file [41/133]
  Name:            frame_000041.png
  Dimensions:      640 x 480
  Camera:          #1 - SIMPLE_RADIAL
  Focal Length:    768.00px
  Features:        1979
Processed file [42/133]
  Name:            frame_000042.png
  Dimensions:      640 x 480
  Camera:          #1 - SIMPLE_RADIAL
  Focal Length:    768.00px
  Features:        1576
Processed file [43/133]
  Name:            frame_000043.png
  Dimensions:      640 x 480
  Camera:          #1 - SIMPLE_RADIAL
  Focal Length:    768.00px
  Features:        2092
Processed file [44/133]
  Name:            frame_000045.png
  Dimensions:      640 x 480
  Camera:          #1 - SIMPLE_RADIAL
  Focal Length:    768.00px
  Features:        2015
Processed file [45/133]
  Name:            frame_000044.png
  Dimensions:      640 x 480
  Camera:          #1 - SIMPLE_RADIAL
  Focal Length:    768.00px
  Features:        2558
Processed file [46/133]
  Name:            frame_000046.png
  Dimensions:      640 x 480
  Camera:          #1 - SIMPLE_RADIAL
  Focal Length:    768.00px
  Features:        2268
Processed file [47/133]
  Name:            frame_000048.png
  Dimensions:      640 x 480
  Camera:          #1 - SIMPLE_RADIAL
  Focal Length:    768.00px
  Features:        1869
Processed file [48/133]
  Name:            frame_000047.png
  Dimensions:      640 x 480
  Camera:          #1 - SIMPLE_RADIAL
  Focal Length:    768.00px
  Features:        2191
Processed file [49/133]
  Name:            frame_000049.png
  Dimensions:      640 x 480
  Camera:          #1 - SIMPLE_RADIAL
  Focal Length:    768.00px
  Features:        1597
Processed file [50/133]
  Name:            frame_000050.png
  Dimensions:      640 x 480
  Camera:          #1 - SIMPLE_RADIAL
  Focal Length:    768.00px
  Features:        1370
Processed file [51/133]
  Name:            frame_000051.png
  Dimensions:      640 x 480
  Camera:          #1 - SIMPLE_RADIAL
  Focal Length:    768.00px
  Features:        1283
Processed file [52/133]
  Name:            frame_000053.png
  Dimensions:      640 x 480
  Camera:          #1 - SIMPLE_RADIAL
  Focal Length:    768.00px
  Features:        1915
Processed file [53/133]
  Name:            frame_000056.png
  Dimensions:      640 x 480
  Camera:          #1 - SIMPLE_RADIAL
  Focal Length:    768.00px
  Features:        1480
Processed file [54/133]
  Name:            frame_000052.png
  Dimensions:      640 x 480
  Camera:          #1 - SIMPLE_RADIAL
  Focal Length:    768.00px
  Features:        2313
Processed file [55/133]
  Name:            frame_000054.png
  Dimensions:      640 x 480
  Camera:          #1 - SIMPLE_RADIAL
  Focal Length:    768.00px
  Features:        2015
Processed file [56/133]
  Name:            frame_000057.png
  Dimensions:      640 x 480
  Camera:          #1 - SIMPLE_RADIAL
  Focal Length:    768.00px
  Features:        1777
Processed file [57/133]
  Name:            frame_000055.png
  Dimensions:      640 x 480
  Camera:          #1 - SIMPLE_RADIAL
  Focal Length:    768.00px
  Features:        1963
Processed file [58/133]
  Name:            frame_000058.png
  Dimensions:      640 x 480
  Camera:          #1 - SIMPLE_RADIAL
  Focal Length:    768.00px
  Features:        2702
Processed file [59/133]
  Name:            frame_000060.png
  Dimensions:      640 x 480
  Camera:          #1 - SIMPLE_RADIAL
  Focal Length:    768.00px
  Features:        1988
Processed file [60/133]
  Name:            frame_000059.png
  Dimensions:      640 x 480
  Camera:          #1 - SIMPLE_RADIAL
  Focal Length:    768.00px
  Features:        2896
Processed file [61/133]
  Name:            frame_000062.png
  Dimensions:      640 x 480
  Camera:          #1 - SIMPLE_RADIAL
  Focal Length:    768.00px
  Features:        1840
Processed file [62/133]
  Name:            frame_000061.png
  Dimensions:      640 x 480
  Camera:          #1 - SIMPLE_RADIAL
  Focal Length:    768.00px
  Features:        1936
Processed file [63/133]
  Name:            frame_000063.png
  Dimensions:      640 x 480
  Camera:          #1 - SIMPLE_RADIAL
  Focal Length:    768.00px
  Features:        2183
Processed file [64/133]
  Name:            frame_000065.png
  Dimensions:      640 x 480
  Camera:          #1 - SIMPLE_RADIAL
  Focal Length:    768.00px
  Features:        2086
Processed file [65/133]
  Name:            frame_000064.png
  Dimensions:      640 x 480
  Camera:          #1 - SIMPLE_RADIAL
  Focal Length:    768.00px
  Features:        2803
Processed file [66/133]
  Name:            frame_000066.png
  Dimensions:      640 x 480
  Camera:          #1 - SIMPLE_RADIAL
  Focal Length:    768.00px
  Features:        1780
Processed file [67/133]
  Name:            frame_000070.png
  Dimensions:      640 x 480
  Camera:          #1 - SIMPLE_RADIAL
  Focal Length:    768.00px
  Features:        1016
Processed file [68/133]
  Name:            frame_000069.png
  Dimensions:      640 x 480
  Camera:          #1 - SIMPLE_RADIAL
  Focal Length:    768.00px
  Features:        1430
Processed file [69/133]
  Name:            frame_000071.png
  Dimensions:      640 x 480
  Camera:          #1 - SIMPLE_RADIAL
  Focal Length:    768.00px
  Features:        1027
Processed file [70/133]
  Name:            frame_000068.png
  Dimensions:      640 x 480
  Camera:          #1 - SIMPLE_RADIAL
  Focal Length:    768.00px
  Features:        1711
Processed file [71/133]
  Name:            frame_000073.png
  Dimensions:      640 x 480
  Camera:          #1 - SIMPLE_RADIAL
  Focal Length:    768.00px
  Features:        1096
Processed file [72/133]
  Name:            frame_000067.png
  Dimensions:      640 x 480
  Camera:          #1 - SIMPLE_RADIAL
  Focal Length:    768.00px
  Features:        2064
Processed file [73/133]
  Name:            frame_000072.png
  Dimensions:      640 x 480
  Camera:          #1 - SIMPLE_RADIAL
  Focal Length:    768.00px
  Features:        1561
Processed file [74/133]
  Name:            frame_000074.png
  Dimensions:      640 x 480
  Camera:          #1 - SIMPLE_RADIAL
  Focal Length:    768.00px
  Features:        1030
Processed file [75/133]
  Name:            frame_000075.png
  Dimensions:      640 x 480
  Camera:          #1 - SIMPLE_RADIAL
  Focal Length:    768.00px
  Features:        1310
Processed file [76/133]
  Name:            frame_000079.png
  Dimensions:      640 x 480
  Camera:          #1 - SIMPLE_RADIAL
  Focal Length:    768.00px
  Features:        2450
Processed file [77/133]
  Name:            frame_000078.png
  Dimensions:      640 x 480
  Camera:          #1 - SIMPLE_RADIAL
  Focal Length:    768.00px
  Features:        2493
Processed file [78/133]
  Name:            frame_000076.png
  Dimensions:      640 x 480
  Camera:          #1 - SIMPLE_RADIAL
  Focal Length:    768.00px
  Features:        2546
Processed file [79/133]
  Name:            frame_000081.png
  Dimensions:      640 x 480
  Camera:          #1 - SIMPLE_RADIAL
  Focal Length:    768.00px
  Features:        2045
Processed file [80/133]
  Name:            frame_000077.png
  Dimensions:      640 x 480
  Camera:          #1 - SIMPLE_RADIAL
  Focal Length:    768.00px
  Features:        2824
Processed file [81/133]
  Name:            frame_000080.png
  Dimensions:      640 x 480
  Camera:          #1 - SIMPLE_RADIAL
  Focal Length:    768.00px
  Features:        2769
Processed file [82/133]
  Name:            frame_000082.png
  Dimensions:      640 x 480
  Camera:          #1 - SIMPLE_RADIAL
  Focal Length:    768.00px
  Features:        2514
Processed file [83/133]
  Name:            frame_000083.png
  Dimensions:      640 x 480
  Camera:          #1 - SIMPLE_RADIAL
  Focal Length:    768.00px
  Features:        2162
Processed file [84/133]
  Name:            frame_000084.png
  Dimensions:      640 x 480
  Camera:          #1 - SIMPLE_RADIAL
  Focal Length:    768.00px
  Features:        2432
Processed file [85/133]
  Name:            frame_000088.png
  Dimensions:      640 x 480
  Camera:          #1 - SIMPLE_RADIAL
  Focal Length:    768.00px
  Features:        1723
Processed file [86/133]
  Name:            frame_000089.png
  Dimensions:      640 x 480
  Camera:          #1 - SIMPLE_RADIAL
  Focal Length:    768.00px
  Features:        2135
Processed file [87/133]
  Name:            frame_000085.png
  Dimensions:      640 x 480
  Camera:          #1 - SIMPLE_RADIAL
  Focal Length:    768.00px
  Features:        2533
Processed file [88/133]
  Name:            frame_000086.png
  Dimensions:      640 x 480
  Camera:          #1 - SIMPLE_RADIAL
  Focal Length:    768.00px
  Features:        2670
Processed file [89/133]
  Name:            frame_000087.png
  Dimensions:      640 x 480
  Camera:          #1 - SIMPLE_RADIAL
  Focal Length:    768.00px
  Features:        2711
Processed file [90/133]
  Name:            frame_000090.png
  Dimensions:      640 x 480
  Camera:          #1 - SIMPLE_RADIAL
  Focal Length:    768.00px
  Features:        2247
Processed file [91/133]
  Name:            frame_000091.png
  Dimensions:      640 x 480
  Camera:          #1 - SIMPLE_RADIAL
  Focal Length:    768.00px
  Features:        2244
Processed file [92/133]
  Name:            frame_000092.png
  Dimensions:      640 x 480
  Camera:          #1 - SIMPLE_RADIAL
  Focal Length:    768.00px
  Features:        1828
Processed file [93/133]
  Name:            frame_000093.png
  Dimensions:      640 x 480
  Camera:          #1 - SIMPLE_RADIAL
  Focal Length:    768.00px
  Features:        1804
Processed file [94/133]
  Name:            frame_000094.png
  Dimensions:      640 x 480
  Camera:          #1 - SIMPLE_RADIAL
  Focal Length:    768.00px
  Features:        2443
Processed file [95/133]
  Name:            frame_000096.png
  Dimensions:      640 x 480
  Camera:          #1 - SIMPLE_RADIAL
  Focal Length:    768.00px
  Features:        2481
Processed file [96/133]
  Name:            frame_000097.png
  Dimensions:      640 x 480
  Camera:          #1 - SIMPLE_RADIAL
  Focal Length:    768.00px
  Features:        2220
Processed file [97/133]
  Name:            frame_000095.png
  Dimensions:      640 x 480
  Camera:          #1 - SIMPLE_RADIAL
  Focal Length:    768.00px
  Features:        2676
Processed file [98/133]
  Name:            frame_000098.png
  Dimensions:      640 x 480
  Camera:          #1 - SIMPLE_RADIAL
  Focal Length:    768.00px
  Features:        2130
Processed file [99/133]
  Name:            frame_000100.png
  Dimensions:      640 x 480
  Camera:          #1 - SIMPLE_RADIAL
  Focal Length:    768.00px
  Features:        2410
Processed file [100/133]
  Name:            frame_000099.png
  Dimensions:      640 x 480
  Camera:          #1 - SIMPLE_RADIAL
  Focal Length:    768.00px
  Features:        2373
Processed file [101/133]
  Name:            frame_000101.png
  Dimensions:      640 x 480
  Camera:          #1 - SIMPLE_RADIAL
  Focal Length:    768.00px
  Features:        1987
Processed file [102/133]
  Name:            frame_000102.png
  Dimensions:      640 x 480
  Camera:          #1 - SIMPLE_RADIAL
  Focal Length:    768.00px
  Features:        1962
Processed file [103/133]
  Name:            frame_000104.png
  Dimensions:      640 x 480
  Camera:          #1 - SIMPLE_RADIAL
  Focal Length:    768.00px
  Features:        1812
Processed file [104/133]
  Name:            frame_000103.png
  Dimensions:      640 x 480
  Camera:          #1 - SIMPLE_RADIAL
  Focal Length:    768.00px
  Features:        2616
Processed file [105/133]
  Name:            frame_000106.png
  Dimensions:      640 x 480
  Camera:          #1 - SIMPLE_RADIAL
  Focal Length:    768.00px
  Features:        1387
Processed file [106/133]
  Name:            frame_000105.png
  Dimensions:      640 x 480
  Camera:          #1 - SIMPLE_RADIAL
  Focal Length:    768.00px
  Features:        2629
Processed file [107/133]
  Name:            frame_000107.png
  Dimensions:      640 x 480
  Camera:          #1 - SIMPLE_RADIAL
  Focal Length:    768.00px
  Features:        1574
Processed file [108/133]
  Name:            frame_000108.png
  Dimensions:      640 x 480
  Camera:          #1 - SIMPLE_RADIAL
  Focal Length:    768.00px
  Features:        1518
Processed file [109/133]
  Name:            frame_000109.png
  Dimensions:      640 x 480
  Camera:          #1 - SIMPLE_RADIAL
  Focal Length:    768.00px
  Features:        2227
Processed file [110/133]
  Name:            frame_000110.png
  Dimensions:      640 x 480
  Camera:          #1 - SIMPLE_RADIAL
  Focal Length:    768.00px
  Features:        1796
Processed file [111/133]
  Name:            frame_000111.png
  Dimensions:      640 x 480
  Camera:          #1 - SIMPLE_RADIAL
  Focal Length:    768.00px
  Features:        1705
Processed file [112/133]
  Name:            frame_000112.png
  Dimensions:      640 x 480
  Camera:          #1 - SIMPLE_RADIAL
  Focal Length:    768.00px
  Features:        1273
Processed file [113/133]
  Name:            frame_000113.png
  Dimensions:      640 x 480
  Camera:          #1 - SIMPLE_RADIAL
  Focal Length:    768.00px
  Features:        1516
Processed file [114/133]
  Name:            frame_000114.png
  Dimensions:      640 x 480
  Camera:          #1 - SIMPLE_RADIAL
  Focal Length:    768.00px
  Features:        1939
Processed file [115/133]
  Name:            frame_000115.png
  Dimensions:      640 x 480
  Camera:          #1 - SIMPLE_RADIAL
  Focal Length:    768.00px
  Features:        2531
Processed file [116/133]
  Name:            frame_000116.png
  Dimensions:      640 x 480
  Camera:          #1 - SIMPLE_RADIAL
  Focal Length:    768.00px
  Features:        2112
Processed file [117/133]
  Name:            frame_000117.png
  Dimensions:      640 x 480
  Camera:          #1 - SIMPLE_RADIAL
  Focal Length:    768.00px
  Features:        2121
Processed file [118/133]
  Name:            frame_000118.png
  Dimensions:      640 x 480
  Camera:          #1 - SIMPLE_RADIAL
  Focal Length:    768.00px
  Features:        2165
Processed file [119/133]
  Name:            frame_000120.png
  Dimensions:      640 x 480
  Camera:          #1 - SIMPLE_RADIAL
  Focal Length:    768.00px
  Features:        1856
Processed file [120/133]
  Name:            frame_000119.png
  Dimensions:      640 x 480
  Camera:          #1 - SIMPLE_RADIAL
  Focal Length:    768.00px
  Features:        2363
Processed file [121/133]
  Name:            frame_000121.png
  Dimensions:      640 x 480
  Camera:          #1 - SIMPLE_RADIAL
  Focal Length:    768.00px
  Features:        1775
Processed file [122/133]
  Name:            frame_000122.png
  Dimensions:      640 x 480
  Camera:          #1 - SIMPLE_RADIAL
  Focal Length:    768.00px
  Features:        1978
Processed file [123/133]
  Name:            frame_000123.png
  Dimensions:      640 x 480
  Camera:          #1 - SIMPLE_RADIAL
  Focal Length:    768.00px
  Features:        2179
Processed file [124/133]
  Name:            frame_000124.png
  Dimensions:      640 x 480
  Camera:          #1 - SIMPLE_RADIAL
  Focal Length:    768.00px
  Features:        2549
Processed file [125/133]
  Name:            frame_000125.png
  Dimensions:      640 x 480
  Camera:          #1 - SIMPLE_RADIAL
  Focal Length:    768.00px
  Features:        2697
Processed file [126/133]
  Name:            frame_000126.png
  Dimensions:      640 x 480
  Camera:          #1 - SIMPLE_RADIAL
  Focal Length:    768.00px
  Features:        2625
Processed file [127/133]
  Name:            frame_000127.png
  Dimensions:      640 x 480
  Camera:          #1 - SIMPLE_RADIAL
  Focal Length:    768.00px
  Features:        2790
Processed file [128/133]
  Name:            frame_000128.png
  Dimensions:      640 x 480
  Camera:          #1 - SIMPLE_RADIAL
  Focal Length:    768.00px
  Features:        2848
Processed file [129/133]
  Name:            frame_000129.png
  Dimensions:      640 x 480
  Camera:          #1 - SIMPLE_RADIAL
  Focal Length:    768.00px
  Features:        2837
Processed file [130/133]
  Name:            frame_000130.png
  Dimensions:      640 x 480
  Camera:          #1 - SIMPLE_RADIAL
  Focal Length:    768.00px
  Features:        2769
Processed file [131/133]
  Name:            frame_000131.png
  Dimensions:      640 x 480
  Camera:          #1 - SIMPLE_RADIAL
  Focal Length:    768.00px
  Features:        2853
Processed file [132/133]
  Name:            frame_000132.png
  Dimensions:      640 x 480
  Camera:          #1 - SIMPLE_RADIAL
  Focal Length:    768.00px
  Features:        2893
Processed file [133/133]
  Name:            frame_000133.png
  Dimensions:      640 x 480
  Camera:          #1 - SIMPLE_RADIAL
  Focal Length:    768.00px
  Features:        2822
Elapsed time: 0.209 [minutes]
