
==============================================================================
Reading reconstruction
==============================================================================

 => Reconstruction with 133 images and 11994 points

==============================================================================
Image undistortion
==============================================================================

Undistorting image [1/133]
Undistorting image [2/133]
Undistorting image [3/133]
Undistorting image [4/133]
Undistorting image [5/133]
Undistorting image [6/133]
Undistorting image [7/133]
Undistorting image [8/133]
Undistorting image [9/133]
Undistorting image [10/133]
Undistorting image [11/133]
Undistorting image [12/133]
Undistorting image [13/133]
Undistorting image [14/133]
Undistorting image [15/133]
Undistorting image [16/133]
Undistorting image [17/133]
Undistorting image [18/133]
Undistorting image [19/133]
Undistorting image [20/133]
Undistorting image [21/133]
Undistorting image [22/133]
Undistorting image [23/133]
Undistorting image [24/133]
Undistorting image [25/133]
Undistorting image [26/133]
Undistorting image [27/133]
Undistorting image [28/133]
Undistorting image [29/133]
Undistorting image [30/133]
Undistorting image [31/133]
Undistorting image [32/133]
Undistorting image [33/133]
Undistorting image [34/133]
Undistorting image [35/133]
Undistorting image [36/133]
Undistorting image [37/133]
Undistorting image [38/133]
Undistorting image [39/133]
Undistorting image [40/133]
Undistorting image [41/133]
Undistorting image [42/133]
Undistorting image [43/133]
Undistorting image [44/133]
Undistorting image [45/133]
Undistorting image [46/133]
Undistorting image [47/133]
Undistorting image [48/133]
Undistorting image [49/133]
Undistorting image [50/133]
Undistorting image [51/133]
Undistorting image [52/133]
Undistorting image [53/133]
Undistorting image [54/133]
Undistorting image [55/133]
Undistorting image [56/133]
Undistorting image [57/133]
Undistorting image [58/133]
Undistorting image [59/133]
Undistorting image [60/133]
Undistorting image [61/133]
Undistorting image [62/133]
Undistorting image [63/133]
Undistorting image [64/133]
Undistorting image [65/133]
Undistorting image [66/133]
Undistorting image [67/133]
Undistorting image [68/133]
Undistorting image [69/133]
Undistorting image [70/133]
Undistorting image [71/133]
Undistorting image [72/133]
Undistorting image [73/133]
Undistorting image [74/133]
Undistorting image [75/133]
Undistorting image [76/133]
Undistorting image [77/133]
Undistorting image [78/133]
Undistorting image [79/133]
Undistorting image [80/133]
Undistorting image [81/133]
Undistorting image [82/133]
Undistorting image [83/133]
Undistorting image [84/133]
Undistorting image [85/133]
Undistorting image [86/133]
Undistorting image [87/133]
Undistorting image [88/133]
Undistorting image [89/133]
Undistorting image [90/133]
Undistorting image [91/133]
Undistorting image [92/133]
Undistorting image [93/133]
Undistorting image [94/133]
Undistorting image [95/133]
Undistorting image [96/133]
Undistorting image [97/133]
Undistorting image [98/133]
Undistorting image [99/133]
Undistorting image [100/133]
Undistorting image [101/133]
Undistorting image [102/133]
Undistorting image [103/133]
Undistorting image [104/133]
Undistorting image [105/133]
Undistorting image [106/133]
Undistorting image [107/133]
Undistorting image [108/133]
Undistorting image [109/133]
Undistorting image [110/133]
Undistorting image [111/133]
Undistorting image [112/133]
Undistorting image [113/133]
Undistorting image [114/133]
Undistorting image [115/133]
Undistorting image [116/133]
Undistorting image [117/133]
Undistorting image [118/133]
Undistorting image [119/133]
Undistorting image [120/133]
Undistorting image [121/133]
Undistorting image [122/133]
Undistorting image [123/133]
Undistorting image [124/133]
Undistorting image [125/133]
Undistorting image [126/133]
Undistorting image [127/133]
Undistorting image [128/133]
Undistorting image [129/133]
Undistorting image [130/133]
Undistorting image [131/133]
Undistorting image [132/133]
Undistorting image [133/133]
Writing reconstruction...
Writing configuration...
Writing scripts...
Elapsed time: 0.040 [minutes]
